[yahonoodles.wixsite.com/yaho/yaho.html]
[static.parastorage.com/unpkg/core-js-bundle@3.2.1/minified.js]
[static.parastorage.com/unpkg/focus-within-polyfill@5.0.9/dist/focus-within-polyfill.js]
[polyfill.io/v3/polyfill.mind82c.js]
[yahonoodles.wixsite.com/yaho/decodeURIComponent(e]
[backblue.gif]
[fade.gif]
[index.html]
[browser.sentry-cdn.com/5.21.4/bundle.min.js]
[yahonoodles.wixsite.com/yaho/https_]
[yahonoodles.wixsite.com/yaho/robots.txt]
[yahonoodles.wixsite.com/yaho/sitemap.xml]
[yahonoodles.wixsite.com/yaho/feed.xml]
[static.parastorage.com/services/wix-thunderbolt/dist/bootstrap-features.3ba73be8.chunk.min.js]
[static.parastorage.com/services/wix-thunderbolt/dist/main.f019cdee.chunk.min.js]
[yahonoodles.wixsite.com/yaho/$&/index.html]
[static.parastorage.com/unpkg/lodash@4.17.15/lodash.min.js]
[static.parastorage.com/services/wix-thunderbolt/dist/wix-code-sdk-providers.e334c773.chunk.min.js]
[static.parastorage.com/services/wix-thunderbolt/dist/ooi.77186e1c.chunk.min.js]
[static.parastorage.com/services/wix-thunderbolt/dist/siteMembers.d2f1f3f3.chunk.min.js]
[static.parastorage.com/services/wix-thunderbolt/dist/siteScrollBlocker.2e43f524.chunk.min.js]
[static.parastorage.com/services/wix-thunderbolt/dist/tpaCommons.5f11afef.chunk.min.js]
[static.parastorage.com/services/wix-thunderbolt/dist/tpaWorkerFeature.dde5afdb.chunk.min.js]
[static.parastorage.com/services/wix-thunderbolt/dist/windowMessageRegistrar.21c3bb1c.chunk.min.js]
[static.parastorage.com/services/wix-thunderbolt/dist/platform.7bfe745f.chunk.min.js]
[static.parastorage.com/services/wix-thunderbolt/dist/vendors_vendor-react-dom.eaa38b28.chunk.min.js]
[static.parastorage.com/services/wix-thunderbolt/dist/vendor-react-dom.83503d76.chunk.min.js]
[static.parastorage.com/services/tag-manager-client/1.282.0/siteTags.bundle.min.js]
[static.parastorage.com/services/editor-elements/dist/thunderboltElements.82ecb252.bundle.min.js]
[static.parastorage.com/services/wix-perf-measure/1.356.0/wix-perf-measure.bundle.min.js]
[static.parastorage.com/services/wix-thunderbolt/dist/activePopup.a59157c9.chunk.min.js]
[static.parastorage.com/services/wix-thunderbolt/dist/navigation.0c654a60.chunk.min.js]
[static.parastorage.com/services/wix-thunderbolt/dist/ooiTpaSharedConfig.e49b6bd6.chunk.min.js]
[static.parastorage.com/services/wix-thunderbolt/dist/pageScroll.76a577f0.chunk.min.js]
[static.parastorage.com/services/wix-thunderbolt/dist/platformPubsub.4a88a9b1.chunk.min.js]
[static.parastorage.com/services/wix-thunderbolt/dist/protectedPages.fec215b7.chunk.min.js]
[static.parastorage.com/services/wix-thunderbolt/dist/scrollRestoration.9fca1688.chunk.min.js]
[static.parastorage.com/services/wix-thunderbolt/dist/scrollToAnchor.4c6d4b56.chunk.min.js]
[static.parastorage.com/services/wix-thunderbolt/dist/tpa.35f157f1.chunk.min.js]
[static.parastorage.com/services/wix-thunderbolt/dist/windowScroll.8d478eec.chunk.min.js]
[static.parastorage.com/services/wix-thunderbolt/dist/pageTransitions.fffe4127.chunk.min.js]
[static.parastorage.com/services/editor-elements/dist/bootstrap-components-common.46ff934d.chunk.min.js]
[static.parastorage.com/services/editor-elements/dist/bootstrap-components-classic.eefded6d.chunk.min.js]
[static.parastorage.com/services/editor-elements/dist/bootstrap-components-responsive.3dc824ab.chunk.min.js]
[static.parastorage.com/services/editor-elements/dist/DropDownMenu_SolidColorMenuButtonSkin.0adccd3b.chunk.min.js]
[static.parastorage.com/services/editor-elements/dist/Container_RectangleArea.2e907ea4.chunk.min.js]
[static.parastorage.com/services/editor-elements/dist/VerticalLine_VerticalDottedLine.c9c69a7f.chunk.min.js]
[static.parastorage.com/services/editor-elements/dist/MeshGroup.12f7e645.chunk.min.js]
[static.parastorage.com/services/editor-elements/dist/FreemiumBannerDesktop.1ada60b4.chunk.min.js]
[static.parastorage.com/services/editor-elements/dist/WPhoto_RoundPhoto.cffb59e6.chunk.min.js]
[static.parastorage.com/services/editor-elements/dist/Container_DBDefaultAreaSkin.fd631bb1.chunk.min.js]
[static.parastorage.com/services/wix-thunderbolt/dist/tpa-components.c089889e.chunk.min.js]
[static.wixstatic.com/media/3f1dbf_f4b4a2d822774407a92e4934435bd382.png/v1/fill/w_177,h_36,al_c,usm_0.66_1.00_0.01,blur_2/3f1dbf_f4b4a2d822774407a92e4934435bd382.png]
[static.wixstatic.com/media/ee7501_c7d9b38c7f2e459fac8c4f9545b00e06_mv2_d_4/v1/fill/w_480,h_270,al_c,q_80,usm_0.66_1.00_0.01,blur_2/ee7501_c7d9b38c7f2e459fac8c4f9545b00e06_mv2_d_4160_2340_s_2]
[yahonoodles.wixsite.com/yaho/noi.html]
[yahonoodles.wixsite.com/yaho/index.html]
[yahonoodles.wixsite.com/yaho/dicono-di-noi.html]
[yahonoodles.wixsite.com/yaho/menu.html]
[static.wixstatic.com/media/ee7501_f25a65e7019b43878f403c56c6bcddc4_mv2.jpeg/v1/crop/x_343,y_0,w_595,h_936/fill/w_121,h_191,al_c,q_80,usm_0.66_1.00_0.01,blur_2/bred.jpg]
[yahonoodles.wixsite.com/yaho/yaho.html]
[yahonoodles.wixsite.com/yaho/decodeURIComponent(e.html]
[yahonoodles.wixsite.com/yaho/https_.html]
[yahonoodles.wixsite.com/yaho/robots.html]
[yahonoodles.wixsite.com/yaho/feed.html]
[yahonoodles.wixsite.com/yaho/$&/index.html]
[static.wixstatic.com/media/ee7501_bb388099dbf5459ba890014d57086af5_mv2.jpg/v1/crop/x_79,y_0,w_1042,h_800/fill/w_117,h_90,al_c,q_80,usm_0.66_1.00_0.01,blur_2/ee7501_bb388099dbf5459ba890014d57]
[static.wixstatic.com/media/ee7501_2f23447774714357a5771039b4391c14_mv2.jpg/v1/crop/x_79,y_0,w_1042,h_800/fill/w_117,h_90,al_c,q_80,usm_0.66_1.00_0.01,blur_2/ee7501_2f23447774714357a5771039b4]
[yahonoodles.wixsite.com/yaho/index.html]
[static.wixstatic.com/media/ee7501_4a0c8637a58a4f2f80f9785c8d084572_mv2.jpg/v1/fill/w_235,h_65,al_c,q_80,usm_0.66_1.00_0.01,blur_2/ee7501_4a0c8637a58a4f2f80f9785c8d084572_mv2.jpg]
[static.wixstatic.com/media/ee7501_23399555d0534c01bf58fba7a0947cc8_mv2.jpg/v1/fill/w_180,h_120,al_c,q_80,usm_0.66_1.00_0.01,blur_2/ee7501_23399555d0534c01bf58fba7a0947cc8_mv2.jpg]
[yahonoodles.wixsite.com/yaho/contatti.html]
[static.wixstatic.com/media/ee7501_611fb0c6fdd244dcb196f2fe935dd8e7_mv2.jpg/v1/fill/w_180,h_164,al_c,q_80,usm_0.66_1.00_0.01,blur_2/ee7501_611fb0c6fdd244dcb196f2fe935dd8e7_mv2.jpg]
[static.wixstatic.com/media/ee7501_195beecbbb754ba5b4c52d8c7828a05b_mv2_d_1/v1/fill/w_174,h_174,al_c,q_80,usm_0.66_1.00_0.01,blur_2/ee7501_195beecbbb754ba5b4c52d8c7828a05b_mv2_d_1237_1234_s_2]
[yahonoodles.wixsite.com/yaho/noi.html]
[yahonoodles.wixsite.com/yaho/dicono-di-noi.html]
[yahonoodles.wixsite.com/yaho/menu.html]
[static.parastorage.com/services/editor-elements/dist/GoogleMap.9ff70373.chunk.min.js]
[static.parastorage.com/services/editor-elements/dist/media/sloppyframe.d6793e19.png]
[yahonoodles.wixsite.com/yaho/contatti.html]
